
 RUN  v3.2.4 /Users/ikebotch/dev/mftl-collections/frontend

 ❯ src/modules/contributions/pages/ContributionsPage.test.ts (1 test | 1 failed) 9ms
   × ContributionsPage > renders the contribution table 8ms
     → Cannot read properties of undefined (reading 'value')

⎯⎯⎯⎯⎯⎯⎯ Failed Tests 1 ⎯⎯⎯⎯⎯⎯⎯

 FAIL  src/modules/contributions/pages/ContributionsPage.test.ts > ContributionsPage > renders the contribution table
TypeError: Cannot read properties of undefined (reading 'value')
 ❯ Proxy._sfc_render src/modules/contributions/pages/ContributionsPage.vue:45:35
     43|         :columns="columns"
     44|         :rows="filteredContributions"
     45|         :loading="query.isLoading.value"
       |                                   ^
     46|         exportable
     47|         title="Contribution Audit Log"
 ❯ renderComponentRoot node_modules/@vue/runtime-core/dist/runtime-core.cjs.js:4543:16
 ❯ ReactiveEffect.componentUpdateFn [as fn] node_modules/@vue/runtime-core/dist/runtime-core.cjs.js:6065:46
 ❯ ReactiveEffect.run node_modules/@vue/reactivity/dist/reactivity.cjs.js:254:19
 ❯ setupRenderEffect node_modules/@vue/runtime-core/dist/runtime-core.cjs.js:6200:5
 ❯ mountComponent node_modules/@vue/runtime-core/dist/runtime-core.cjs.js:5972:7
 ❯ processComponent node_modules/@vue/runtime-core/dist/runtime-core.cjs.js:5924:9
 ❯ patch node_modules/@vue/runtime-core/dist/runtime-core.cjs.js:5434:11
 ❯ ReactiveEffect.componentUpdateFn [as fn] node_modules/@vue/runtime-core/dist/runtime-core.cjs.js:6072:11
 ❯ ReactiveEffect.run node_modules/@vue/reactivity/dist/reactivity.cjs.js:254:19

⎯⎯⎯⎯⎯⎯⎯⎯⎯⎯⎯⎯⎯⎯⎯⎯⎯⎯⎯⎯⎯⎯⎯⎯[1/1]⎯


 Test Files  1 failed (1)
      Tests  1 failed (1)
   Start at  10:34:11
   Duration  752ms (transform 185ms, setup 0ms, collect 268ms, tests 9ms, environment 254ms, prepare 26ms)

